Calling from XV6
Welcome to XV6
Calling from XV6
Welcome to XV6
Calling from XV6
Welcome to XV6
Calling from XV6
Welcome to XV6
Calling from XV6
Welcome to XV6
Calling from XV6
Welcome to XV6
Calling from XV6
Welcome to XV6
Calling from XV6
Welcome to XV6
Calling from XV6
Welcome to XV6
Calling from XV6
Welcome to XV6
