Total Number of Active Processes: 3
Maximum PID: 5
