PID	SIZE	Number of Context Switch
1	12288	27
2	16384	21
6	12288	9

