Priority : 1
Priority : 2
Priority : 3
Priority : 4
Priority : 5
Priority : 6
Priority : 7
Priority : 8
Priority : 9
